
> suppressPackageStartupMessages({
+     library(MetaScope)
+     library(magrittr)
+ })

> NCBI_key <- "01d22876be34df5c28f4aedc479a2674c809"

> options(ENTREZ_KEY = NCBI_key)

> target_ref_temp <- tempfile()

> dir.create(target_ref_temp)

> all_species <- c("Staphylococcus aureus RF122", "Staphylococcus aureus subsp. aureus ST398", 
+     "Staphylococcus aureus subsp. aureus Mu3")

> sapply(all_species, download_refseq, reference = FALSE, 
+     representative = FALSE, compress = TRUE, out_dir = target_ref_temp, 
+     caching =  .... [TRUNCATED] 
Warning in scan(file = file, what = what, sep = sep, quote = quote, dec = dec,  :
  URL 'https://ftp.ncbi.nlm.nih.gov/genomes/refseq/bacteria/assembly_summary.txt': Timeout of 60 seconds was reached

  When sourcing ‘MetaScope_vignette.R’:
Error: cannot read from connection
Execution halted
